FAILED: include/llvm/IR/IntrinsicEnums.inc /home/jtuyls/iree-ai/llvm-aie-port/build/include/llvm/IR/IntrinsicEnums.inc 
/home/jtuyls/iree-ai/llvm-aie-port/amd/aie/llvm/include/llvm/IR/IntrinsicsAIE2.td:61:49: error: Variable not defined: 'llvm_v64bf16_ty'
FAILED: include/llvm/IR/IntrinsicsAArch64.h /home/jtuyls/iree-ai/llvm-aie-port/build/include/llvm/IR/IntrinsicsAArch64.h 
/home/jtuyls/iree-ai/llvm-aie-port/amd/aie/llvm/include/llvm/IR/IntrinsicsAIE2.td:61:49: error: Variable not defined: 'llvm_v64bf16_ty'
FAILED: include/llvm/IR/IntrinsicsAMDGPU.h /home/jtuyls/iree-ai/llvm-aie-port/build/include/llvm/IR/IntrinsicsAMDGPU.h 
/home/jtuyls/iree-ai/llvm-aie-port/amd/aie/llvm/include/llvm/IR/IntrinsicsAIE2.td:61:49: error: Variable not defined: 'llvm_v64bf16_ty'
FAILED: include/llvm/IR/IntrinsicsBPF.h /home/jtuyls/iree-ai/llvm-aie-port/build/include/llvm/IR/IntrinsicsBPF.h 
/home/jtuyls/iree-ai/llvm-aie-port/amd/aie/llvm/include/llvm/IR/IntrinsicsAIE2.td:61:49: error: Variable not defined: 'llvm_v64bf16_ty'
FAILED: include/llvm/IR/IntrinsicImpl.inc /home/jtuyls/iree-ai/llvm-aie-port/build/include/llvm/IR/IntrinsicImpl.inc 
/home/jtuyls/iree-ai/llvm-aie-port/amd/aie/llvm/include/llvm/IR/IntrinsicsAIE2.td:61:49: error: Variable not defined: 'llvm_v64bf16_ty'
FAILED: include/llvm/IR/IntrinsicsDirectX.h /home/jtuyls/iree-ai/llvm-aie-port/build/include/llvm/IR/IntrinsicsDirectX.h 
/home/jtuyls/iree-ai/llvm-aie-port/amd/aie/llvm/include/llvm/IR/IntrinsicsAIE2.td:61:49: error: Variable not defined: 'llvm_v64bf16_ty'
FAILED: include/llvm/IR/IntrinsicsARM.h /home/jtuyls/iree-ai/llvm-aie-port/build/include/llvm/IR/IntrinsicsARM.h 
/home/jtuyls/iree-ai/llvm-aie-port/amd/aie/llvm/include/llvm/IR/IntrinsicsAIE2.td:61:49: error: Variable not defined: 'llvm_v64bf16_ty'
FAILED: include/llvm/IR/IntrinsicsLoongArch.h /home/jtuyls/iree-ai/llvm-aie-port/build/include/llvm/IR/IntrinsicsLoongArch.h 
/home/jtuyls/iree-ai/llvm-aie-port/amd/aie/llvm/include/llvm/IR/IntrinsicsAIE2.td:61:49: error: Variable not defined: 'llvm_v64bf16_ty'
FAILED: include/llvm/IR/IntrinsicsMips.h /home/jtuyls/iree-ai/llvm-aie-port/build/include/llvm/IR/IntrinsicsMips.h 
/home/jtuyls/iree-ai/llvm-aie-port/amd/aie/llvm/include/llvm/IR/IntrinsicsAIE2.td:61:49: error: Variable not defined: 'llvm_v64bf16_ty'
FAILED: include/llvm/IR/IntrinsicsHexagon.h /home/jtuyls/iree-ai/llvm-aie-port/build/include/llvm/IR/IntrinsicsHexagon.h 
/home/jtuyls/iree-ai/llvm-aie-port/amd/aie/llvm/include/llvm/IR/IntrinsicsAIE2.td:61:49: error: Variable not defined: 'llvm_v64bf16_ty'
FAILED: include/llvm/IR/IntrinsicsPowerPC.h /home/jtuyls/iree-ai/llvm-aie-port/build/include/llvm/IR/IntrinsicsPowerPC.h 
/home/jtuyls/iree-ai/llvm-aie-port/amd/aie/llvm/include/llvm/IR/IntrinsicsAIE2.td:61:49: error: Variable not defined: 'llvm_v64bf16_ty'
FAILED: include/llvm/IR/IntrinsicsNVPTX.h /home/jtuyls/iree-ai/llvm-aie-port/build/include/llvm/IR/IntrinsicsNVPTX.h 
/home/jtuyls/iree-ai/llvm-aie-port/amd/aie/llvm/include/llvm/IR/IntrinsicsAIE2.td:61:49: error: Variable not defined: 'llvm_v64bf16_ty'
FAILED: include/llvm/IR/IntrinsicsR600.h /home/jtuyls/iree-ai/llvm-aie-port/build/include/llvm/IR/IntrinsicsR600.h 
/home/jtuyls/iree-ai/llvm-aie-port/amd/aie/llvm/include/llvm/IR/IntrinsicsAIE2.td:61:49: error: Variable not defined: 'llvm_v64bf16_ty'
FAILED: include/llvm/IR/IntrinsicsS390.h /home/jtuyls/iree-ai/llvm-aie-port/build/include/llvm/IR/IntrinsicsS390.h 
/home/jtuyls/iree-ai/llvm-aie-port/amd/aie/llvm/include/llvm/IR/IntrinsicsAIE2.td:61:49: error: Variable not defined: 'llvm_v64bf16_ty'
FAILED: include/llvm/IR/IntrinsicsRISCV.h /home/jtuyls/iree-ai/llvm-aie-port/build/include/llvm/IR/IntrinsicsRISCV.h 
/home/jtuyls/iree-ai/llvm-aie-port/amd/aie/llvm/include/llvm/IR/IntrinsicsAIE2.td:61:49: error: Variable not defined: 'llvm_v64bf16_ty'
FAILED: include/llvm/IR/IntrinsicsVE.h /home/jtuyls/iree-ai/llvm-aie-port/build/include/llvm/IR/IntrinsicsVE.h 
/home/jtuyls/iree-ai/llvm-aie-port/amd/aie/llvm/include/llvm/IR/IntrinsicsAIE2.td:61:49: error: Variable not defined: 'llvm_v64bf16_ty'
FAILED: include/llvm/IR/IntrinsicsSPIRV.h /home/jtuyls/iree-ai/llvm-aie-port/build/include/llvm/IR/IntrinsicsSPIRV.h 
/home/jtuyls/iree-ai/llvm-aie-port/amd/aie/llvm/include/llvm/IR/IntrinsicsAIE2.td:61:49: error: Variable not defined: 'llvm_v64bf16_ty'
FAILED: include/llvm/IR/IntrinsicsWebAssembly.h /home/jtuyls/iree-ai/llvm-aie-port/build/include/llvm/IR/IntrinsicsWebAssembly.h 
/home/jtuyls/iree-ai/llvm-aie-port/amd/aie/llvm/include/llvm/IR/IntrinsicsAIE2.td:61:49: error: Variable not defined: 'llvm_v64bf16_ty'
FAILED: include/llvm/IR/IntrinsicsX86.h /home/jtuyls/iree-ai/llvm-aie-port/build/include/llvm/IR/IntrinsicsX86.h 
/home/jtuyls/iree-ai/llvm-aie-port/amd/aie/llvm/include/llvm/IR/IntrinsicsAIE2.td:61:49: error: Variable not defined: 'llvm_v64bf16_ty'
FAILED: include/llvm/TargetParser/ARMTargetParserDef.inc /home/jtuyls/iree-ai/llvm-aie-port/build/include/llvm/TargetParser/ARMTargetParserDef.inc 
/home/jtuyls/iree-ai/llvm-aie-port/amd/aie/llvm/include/llvm/IR/IntrinsicsAIE2.td:61:49: error: Variable not defined: 'llvm_v64bf16_ty'
FAILED: include/llvm/TargetParser/AArch64TargetParserDef.inc /home/jtuyls/iree-ai/llvm-aie-port/build/include/llvm/TargetParser/AArch64TargetParserDef.inc 
/home/jtuyls/iree-ai/llvm-aie-port/amd/aie/llvm/include/llvm/IR/IntrinsicsAIE2.td:61:49: error: Variable not defined: 'llvm_v64bf16_ty'
FAILED: include/llvm/TargetParser/RISCVTargetParserDef.inc /home/jtuyls/iree-ai/llvm-aie-port/build/include/llvm/TargetParser/RISCVTargetParserDef.inc 
/home/jtuyls/iree-ai/llvm-aie-port/amd/aie/llvm/include/llvm/IR/IntrinsicsAIE2.td:61:49: error: Variable not defined: 'llvm_v64bf16_ty'
FAILED: include/llvm/TargetParser/PPCGenTargetFeatures.inc /home/jtuyls/iree-ai/llvm-aie-port/build/include/llvm/TargetParser/PPCGenTargetFeatures.inc 
/home/jtuyls/iree-ai/llvm-aie-port/amd/aie/llvm/include/llvm/IR/IntrinsicsAIE2.td:61:49: error: Variable not defined: 'llvm_v64bf16_ty'
FAILED: include/llvm/IR/IntrinsicsXCore.h /home/jtuyls/iree-ai/llvm-aie-port/build/include/llvm/IR/IntrinsicsXCore.h 
/home/jtuyls/iree-ai/llvm-aie-port/amd/aie/llvm/include/llvm/IR/IntrinsicsAIE2.td:61:49: error: Variable not defined: 'llvm_v64bf16_ty'
ninja: build stopped: cannot make progress due to previous errors.
EXIT=1
